Copyright 1986-2022 Xilinx, Inc. All Rights Reserved. Copyright 2022-2023 Advanced Micro Devices, Inc. All Rights Reserved.
-------------------------------------------------------------------------------------------------------------------------------------------------------------
| Tool Version : Vivado v.2023.2 (lin64) Build 4029153 Fri Oct 13 20:13:54 MDT 2023
| Date         : Mon Mar  3 10:55:10 2025
| Host         : vitis2 running 64-bit Ubuntu 20.04.6 LTS
| Command      : report_accelerator_utilization -kernels { func:level0_i/ulp/func_1/inst:func_1} -file kernel_util_placed.rpt -name kernel_util_placed -json
| Design       : level0_wrapper
| Device       : xcu55c
| Design State : Fully Placed
-------------------------------------------------------------------------------------------------------------------------------------------------------------

Accelerator Utilization Design Information

Table of Contents
-----------------
1. System Utilization

1. System Utilization
---------------------

+---------------------+-------------------+------------------+-------------------+----------------+---------------+----------------+
| Name                | LUT               | LUTAsMem         | REG               | BRAM           | URAM          | DSP            |
+---------------------+-------------------+------------------+-------------------+----------------+---------------+----------------+
| Platform            |  121374 [  9.31%] |   8450 [  1.41%] |  164611 [  6.31%] |  198 [  9.82%] |   0 [  0.00%] |    4 [  0.04%] |
| User Budget         | 1182306 [100.00%] | 592510 [100.00%] | 2442749 [100.00%] | 1818 [100.00%] | 960 [100.00%] | 9020 [100.00%] |
|    Used Resources   |    2253 [  0.19%] |    461 [  0.08%] |    2931 [  0.12%] |    1 [  0.06%] |   0 [  0.00%] |    1 [  0.01%] |
|    Unused Resources | 1180053 [ 99.81%] | 592049 [ 99.92%] | 2439818 [ 99.88%] | 1817 [ 99.94%] | 960 [100.00%] | 9019 [ 99.99%] |
| func                |    2253 [  0.19%] |    461 [  0.08%] |    2931 [  0.12%] |    1 [  0.06%] |   0 [  0.00%] |    1 [  0.01%] |
|    func_1           |    2253 [  0.19%] |    461 [  0.08%] |    2931 [  0.12%] |    1 [  0.06%] |   0 [  0.00%] |    1 [  0.01%] |
+---------------------+-------------------+------------------+-------------------+----------------+---------------+----------------+


