Copyright 1986-2022 Xilinx, Inc. All Rights Reserved. Copyright 2022-2023 Advanced Micro Devices, Inc. All Rights Reserved.
---------------------------------------------------------------------------------------------------------------------------------------------
| Tool Version : Vivado v.2023.2 (lin64) Build 4029153 Fri Oct 13 20:13:54 MDT 2023
| Date         : Mon Mar  3 11:09:41 2025
| Host         : vitis2 running 64-bit Ubuntu 20.04.6 LTS
| Command      : report_utilization -slr -file slr_util_routed.rpt -pb slr_util_routed.pb
| Design       : level0_wrapper
| Device       : xcu55c-fsvh2892-2L-e
| Speed File   : -2L
| Design State : Routed
---------------------------------------------------------------------------------------------------------------------------------------------

Utilization Design Information

Table of Contents
-----------------
1. SLR Connectivity
2. SLR Connectivity Matrix
3. SLR CLB Logic and Dedicated Block Utilization
4. SLR IO Utilization

1. SLR Connectivity
-------------------

+----------------------------------+-------+-------+-----------+-------+
|                                  |  Used | Fixed | Available | Util% |
+----------------------------------+-------+-------+-----------+-------+
| SLR2 <-> SLR1                    |  5111 |       |     23040 | 22.18 |
|   SLR1 -> SLR2                   |  2590 |       |           | 11.24 |
|     Using TX_REG only            |     0 |     0 |           |       |
|     Using RX_REG only            |     0 |     0 |           |       |
|     Using Both TX_REG and RX_REG |     0 |     0 |           |       |
|   SLR2 -> SLR1                   |  2521 |       |           | 10.94 |
|     Using TX_REG only            |     0 |     0 |           |       |
|     Using RX_REG only            |     0 |     0 |           |       |
|     Using Both TX_REG and RX_REG |     0 |     0 |           |       |
| SLR1 <-> SLR0                    |  5324 |       |     23040 | 23.11 |
|   SLR0 -> SLR1                   |  2762 |       |           | 11.99 |
|     Using TX_REG only            |     0 |     0 |           |       |
|     Using RX_REG only            |     0 |     0 |           |       |
|     Using Both TX_REG and RX_REG |     0 |     0 |           |       |
|   SLR1 -> SLR0                   |  2562 |       |           | 11.12 |
|     Using TX_REG only            |     0 |     0 |           |       |
|     Using RX_REG only            |     0 |     0 |           |       |
|     Using Both TX_REG and RX_REG |     0 |     0 |           |       |
+----------------------------------+-------+-------+-----------+-------+
| Total SLLs Used                  | 10435 |       |           |       |
+----------------------------------+-------+-------+-----------+-------+


2. SLR Connectivity Matrix
--------------------------

+-----------+------+------+------+
| FROM \ TO | SLR2 | SLR1 | SLR0 |
+-----------+------+------+------+
| SLR2      |    0 | 2421 |  100 |
| SLR1      | 2526 |    0 | 2462 |
| SLR0      |   64 | 2698 |    0 |
+-----------+------+------+------+


3. SLR CLB Logic and Dedicated Block Utilization
------------------------------------------------

+----------------------------+-------+-------+-------+--------+--------+--------+
|          Site Type         |  SLR0 |  SLR1 |  SLR2 | SLR0 % | SLR1 % | SLR2 % |
+----------------------------+-------+-------+-------+--------+--------+--------+
| CLB                        |  9401 | 11321 |  6775 |  17.11 |  20.96 |  12.55 |
|   CLBL                     |  4947 |  6188 |  3468 |  16.90 |  21.13 |  11.84 |
|   CLBM                     |  4454 |  5133 |  3307 |  17.34 |  20.76 |  13.38 |
| CLB LUTs                   | 35880 | 62260 | 25486 |   8.16 |  14.41 |   5.90 |
|   LUT as Logic             | 32179 | 58575 | 23961 |   7.32 |  13.56 |   5.55 |
|     using O5 output only   |  1037 |   905 |   427 |   0.24 |   0.21 |   0.10 |
|     using O6 output only   | 23049 | 43813 | 17021 |   5.24 |  10.14 |   3.94 |
|     using O5 and O6        |  8093 | 13857 |  6513 |   1.84 |   3.21 |   1.51 |
|   LUT as Memory            |  3701 |  3685 |  1525 |   1.80 |   1.86 |   0.77 |
|     LUT as Distributed RAM |  1352 |  3532 |   820 |   0.66 |   1.79 |   0.41 |
|       using O5 output only |     0 |     0 |     0 |   0.00 |   0.00 |   0.00 |
|       using O6 output only |   240 |   386 |     4 |   0.12 |   0.20 |  <0.01 |
|       using O5 and O6      |  1112 |  3146 |   816 |   0.54 |   1.59 |   0.41 |
|     LUT as Shift Register  |  2349 |   153 |   705 |   1.14 |   0.08 |   0.36 |
|       using O5 output only |     0 |     0 |     0 |   0.00 |   0.00 |   0.00 |
|       using O6 output only |  1601 |    97 |   671 |   0.78 |   0.05 |   0.34 |
|       using O5 and O6      |   748 |    56 |    34 |   0.36 |   0.03 |   0.02 |
| CLB Registers              | 59100 | 73191 | 35251 |   6.72 |   8.47 |   4.08 |
| CARRY8                     |   409 |   660 |   107 |   0.74 |   1.22 |   0.20 |
| F7 Muxes                   |  1021 |  1479 |   437 |   0.46 |   0.68 |   0.20 |
| F8 Muxes                   |   191 |   272 |     0 |   0.17 |   0.25 |   0.00 |
| F9 Muxes                   |     0 |     0 |     0 |   0.00 |   0.00 |   0.00 |
| Block RAM Tile             |    59 |    90 |    50 |   8.78 |  13.39 |   7.44 |
|   RAMB36/FIFO              |    55 |    90 |    50 |   8.18 |  13.39 |   7.44 |
|   RAMB18                   |     8 |     0 |     0 |   0.60 |   0.00 |   0.00 |
| URAM                       |     0 |     0 |     0 |   0.00 |   0.00 |   0.00 |
| DSPs                       |     1 |     0 |     4 |   0.03 |   0.00 |   0.13 |
| Unique Control Sets        |  2168 |  3418 |  1105 |   1.97 |   3.16 |   1.02 |
+----------------------------+-------+-------+-------+--------+--------+--------+
* Note: Available Control Sets based on CLB Registers / 8


4. SLR IO Utilization
---------------------

+-----------+-----------+---------+------------+----------+------------+----------+-----+
| SLR Index | Used IOBs | (%)IOBs | Used IPADs | (%)IPADs | Used OPADs | (%)OPADs | GTs |
+-----------+-----------+---------+------------+----------+------------+----------+-----+
| SLR2      |         0 |    0.00 |          0 |     0.00 |          0 |     0.00 |   0 |
| SLR1      |         0 |    0.00 |          0 |     0.00 |          0 |     0.00 |   0 |
| SLR0      |        12 |    5.77 |          0 |     0.00 |          0 |     0.00 |  16 |
+-----------+-----------+---------+------------+----------+------------+----------+-----+
| Total     |        12 |         |          0 |          |          0 |          |  16 |
+-----------+-----------+---------+------------+----------+------------+----------+-----+


